1782926552659087270 run 1
1782926552668352907 run 2
1782926552676194192 run 3
1782926552684172099 run 4
1782926552692148717 run 5
1782926552700059624 run 6
1782926552707928950 run 7
1782926552715731272 run 8
1782926552723560735 run 9
1782926552731411638 run 10
1782982338429666071 run 1
1782982338437672796 run 2
1782982338445705159 run 3
1782982338453673023 run 4
1782982338461491657 run 5
1782982338469217185 run 6
1782982338476807905 run 7
1782982338484531462 run 8
1782982338492313668 run 9
1782982338500569875 run 10
1782982338508214607 run 11
1783069108949676468 run 1
1783069108958802502 run 2
1783069108967256429 run 3
1783069108975945158 run 4
1783069108984359448 run 5
1783069108993083902 run 6
1783069109001516081 run 7
1783069109010076134 run 8
1783069109018563527 run 9
1783069109027186250 run 10
1783069109035516505 run 11
1783154005040728427 run 1
1783154005049122862 run 2
1783154005057832517 run 3
1783154005066087999 run 4
1783154005074632949 run 5
1783154005082688658 run 6
1783154005090660035 run 7
1783154005099573723 run 8
1783154005108335199 run 9
1783154005116280311 run 10
1783154005124418142 run 11
1783241363221421789 run 1
1783241363230269565 run 2
1783241363238791240 run 3
1783241363247947052 run 4
1783241363256910834 run 5
1783241363265257860 run 6
1783241363273791538 run 7
1783241363282220650 run 8
1783241363290894201 run 9
1783241363299439857 run 10
1783241363307977000 run 11
1783332864127660272 run 1
1783332864136256029 run 2
1783332864144272290 run 3
1783332864152621800 run 4
1783332864160897657 run 5
1783332864168986942 run 6
1783332864177253965 run 7
1783332864185450741 run 8
1783332864193606775 run 9
1783332864201758768 run 10
1783332864209955123 run 11
1783417000953561271 run 1
1783417000962066253 run 2
1783417000970443447 run 3
1783417000978814749 run 4
1783417000989000826 run 5
1783417000998467915 run 6
1783417001006565667 run 7
1783417001014991983 run 8
1783417001023748154 run 9
1783417001031818674 run 10
1783417001040434051 run 11
1783499017142289728 run 1
1783499017151171229 run 2
1783499017159285983 run 3
1783499017167354686 run 4
1783499017175303988 run 5
1783499017183206509 run 6
1783499017191317325 run 7
1783499017199304104 run 8
1783499017207269710 run 9
1783499017215164994 run 10
1783589660726913872 run 1
1783589660735012391 run 2
1783589660742644684 run 3
1783589660750427571 run 4
1783589660758122041 run 5
1783589660765813467 run 6
1783589660773595932 run 7
1783589660781241522 run 8
1783589660788862618 run 9
1783589660796551236 run 10
1783675833773522851 run 1
1783675833783031196 run 2
1783675833791350636 run 3
1783675833799553750 run 4
1783675833807628600 run 5
1783675833815751685 run 6
1783675833823945103 run 7
1783675833832166413 run 8
1783675833840406009 run 9
1783675833848640416 run 10
1783675833856890490 run 11
Fri Jul 10 17:14:14 UTC 2026 - entry 1
Fri Jul 10 17:14:16 UTC 2026 - entry 2
Fri Jul 10 17:14:18 UTC 2026 - entry 3
Fri Jul 10 19:42:21 UTC 2026 - entry 1
Fri Jul 10 19:42:23 UTC 2026 - entry 2
Sat Jul 11 03:22:40 UTC 2026 - entry 1
Sat Jul 11 03:22:42 UTC 2026 - entry 2
Sat Jul 11 03:22:44 UTC 2026 - entry 3
Sat Jul 11 08:05:45 UTC 2026 - entry 1
Sat Jul 11 08:05:47 UTC 2026 - entry 2
Sat Jul 11 13:41:23 UTC 2026 - entry 1
Sat Jul 11 13:41:25 UTC 2026 - entry 2
Sat Jul 11 19:13:44 UTC 2026 - entry 1
Sat Jul 11 19:13:46 UTC 2026 - entry 2
Sun Jul 12 03:34:28 UTC 2026 - entry 1
Sun Jul 12 03:34:30 UTC 2026 - entry 2
Sun Jul 12 08:26:52 UTC 2026 - entry 1
Sun Jul 12 08:26:54 UTC 2026 - entry 2
Sun Jul 12 08:26:56 UTC 2026 - entry 3
Sun Jul 12 13:41:50 UTC 2026 - entry 1
Sun Jul 12 13:41:52 UTC 2026 - entry 2
Sun Jul 12 19:14:34 UTC 2026 - entry 1
Sun Jul 12 19:14:36 UTC 2026 - entry 2
Sun Jul 12 19:14:38 UTC 2026 - entry 3
Mon Jul 13 03:37:16 UTC 2026 - entry 1
Mon Jul 13 03:37:18 UTC 2026 - entry 2
Mon Jul 13 03:37:20 UTC 2026 - entry 3
Mon Jul 13 09:39:46 UTC 2026 - entry 1
Mon Jul 13 09:39:48 UTC 2026 - entry 2
Mon Jul 13 14:50:01 UTC 2026 - entry 1
Mon Jul 13 14:50:03 UTC 2026 - entry 2
Mon Jul 13 14:50:05 UTC 2026 - entry 3
Mon Jul 13 19:38:26 UTC 2026 - entry 1
Mon Jul 13 19:38:28 UTC 2026 - entry 2
Tue Jul 14 03:12:31 UTC 2026 - entry 1
Tue Jul 14 03:12:33 UTC 2026 - entry 2
Tue Jul 14 08:19:54 UTC 2026 - entry 1
Tue Jul 14 08:19:56 UTC 2026 - entry 2
Tue Jul 14 08:19:58 UTC 2026 - entry 3
Tue Jul 14 13:59:43 UTC 2026 - entry 1
Tue Jul 14 13:59:45 UTC 2026 - entry 2
Tue Jul 14 13:59:47 UTC 2026 - entry 3
Tue Jul 14 19:35:47 UTC 2026 - entry 1
Tue Jul 14 19:35:49 UTC 2026 - entry 2
Tue Jul 14 19:35:51 UTC 2026 - entry 3
Wed Jul 15 02:56:28 UTC 2026 - entry 1
Wed Jul 15 02:56:30 UTC 2026 - entry 2
Wed Jul 15 08:25:35 UTC 2026 - entry 1
Wed Jul 15 08:25:37 UTC 2026 - entry 2
Wed Jul 15 13:56:59 UTC 2026 - entry 1
Wed Jul 15 13:57:01 UTC 2026 - entry 2
Wed Jul 15 19:21:50 UTC 2026 - entry 1
Wed Jul 15 19:21:52 UTC 2026 - entry 2
Thu Jul 16 03:18:33 UTC 2026 - entry 1
Thu Jul 16 03:18:35 UTC 2026 - entry 2
Thu Jul 16 08:24:39 UTC 2026 - entry 1
Thu Jul 16 08:24:41 UTC 2026 - entry 2
Thu Jul 16 08:24:43 UTC 2026 - entry 3
Thu Jul 16 14:08:49 UTC 2026 - entry 1
Thu Jul 16 14:08:51 UTC 2026 - entry 2
Thu Jul 16 19:21:55 UTC 2026 - entry 1
Thu Jul 16 19:21:57 UTC 2026 - entry 2
Thu Jul 16 19:21:59 UTC 2026 - entry 3
Fri Jul 17 03:21:36 UTC 2026 - entry 1
Fri Jul 17 03:21:38 UTC 2026 - entry 2
Fri Jul 17 03:21:40 UTC 2026 - entry 3
Fri Jul 17 08:20:42 UTC 2026 - entry 1
Fri Jul 17 08:20:44 UTC 2026 - entry 2
Fri Jul 17 08:20:46 UTC 2026 - entry 3
Fri Jul 17 13:52:43 UTC 2026 - entry 1
Fri Jul 17 13:52:45 UTC 2026 - entry 2
Fri Jul 17 19:19:50 UTC 2026 - entry 1
Fri Jul 17 19:19:52 UTC 2026 - entry 2
Sat Jul 18 03:11:18 UTC 2026 - entry 1
Sat Jul 18 03:11:20 UTC 2026 - entry 2
Sat Jul 18 08:02:21 UTC 2026 - entry 1
Sat Jul 18 08:02:23 UTC 2026 - entry 2
Sat Jul 18 13:36:06 UTC 2026 - entry 1
Sat Jul 18 13:36:08 UTC 2026 - entry 2
Sat Jul 18 13:36:10 UTC 2026 - entry 3
Sat Jul 18 19:13:09 UTC 2026 - entry 1
Sat Jul 18 19:13:11 UTC 2026 - entry 2
Sun Jul 19 03:31:02 UTC 2026 - entry 1
Sun Jul 19 03:31:04 UTC 2026 - entry 2
Sun Jul 19 03:31:06 UTC 2026 - entry 3
Sun Jul 19 08:28:11 UTC 2026 - entry 1
Sun Jul 19 08:28:13 UTC 2026 - entry 2
Sun Jul 19 13:38:44 UTC 2026 - entry 1
Sun Jul 19 13:38:46 UTC 2026 - entry 2
Sun Jul 19 13:38:48 UTC 2026 - entry 3
Sun Jul 19 19:14:50 UTC 2026 - entry 1
Sun Jul 19 19:14:52 UTC 2026 - entry 2
Mon Jul 20 03:45:19 UTC 2026 - entry 1
Mon Jul 20 03:45:21 UTC 2026 - entry 2
Mon Jul 20 09:27:39 UTC 2026 - entry 1
Mon Jul 20 09:27:41 UTC 2026 - entry 2
Mon Jul 20 14:22:17 UTC 2026 - entry 1
Mon Jul 20 14:22:19 UTC 2026 - entry 2
Mon Jul 20 19:50:05 UTC 2026 - entry 1
Mon Jul 20 19:50:07 UTC 2026 - entry 2
Mon Jul 20 19:50:09 UTC 2026 - entry 3
Tue Jul 21 03:24:38 UTC 2026 - entry 1
Tue Jul 21 03:24:40 UTC 2026 - entry 2
Tue Jul 21 03:24:42 UTC 2026 - entry 3
Tue Jul 21 08:38:49 UTC 2026 - entry 1
Tue Jul 21 08:38:51 UTC 2026 - entry 2
Tue Jul 21 14:08:18 UTC 2026 - entry 1
Tue Jul 21 14:08:20 UTC 2026 - entry 2
Tue Jul 21 19:41:09 UTC 2026 - entry 1
Tue Jul 21 19:41:11 UTC 2026 - entry 2
Wed Jul 22 03:23:04 UTC 2026 - entry 1
Wed Jul 22 03:23:06 UTC 2026 - entry 2
Wed Jul 22 08:38:08 UTC 2026 - entry 1
Wed Jul 22 08:38:10 UTC 2026 - entry 2
Wed Jul 22 08:38:12 UTC 2026 - entry 3
Wed Jul 22 14:10:40 UTC 2026 - entry 1
Wed Jul 22 14:10:42 UTC 2026 - entry 2
Wed Jul 22 19:36:06 UTC 2026 - entry 1
Wed Jul 22 19:36:08 UTC 2026 - entry 2
Thu Jul 23 03:29:39 UTC 2026 - entry 1
Thu Jul 23 03:29:41 UTC 2026 - entry 2
Thu Jul 23 03:29:43 UTC 2026 - entry 3
Thu Jul 23 08:39:51 UTC 2026 - entry 1
Thu Jul 23 08:39:53 UTC 2026 - entry 2
Thu Jul 23 08:39:55 UTC 2026 - entry 3
Thu Jul 23 14:21:04 UTC 2026 - entry 1
Thu Jul 23 14:21:06 UTC 2026 - entry 2
Thu Jul 23 14:21:08 UTC 2026 - entry 3
Thu Jul 23 19:35:15 UTC 2026 - entry 1
Thu Jul 23 19:35:17 UTC 2026 - entry 2
Fri Jul 24 03:24:21 UTC 2026 - entry 1
Fri Jul 24 03:24:23 UTC 2026 - entry 2
Fri Jul 24 03:24:25 UTC 2026 - entry 3
Fri Jul 24 08:35:44 UTC 2026 - entry 1
Fri Jul 24 08:35:46 UTC 2026 - entry 2
Fri Jul 24 13:58:52 UTC 2026 - entry 1
Fri Jul 24 13:58:54 UTC 2026 - entry 2
Fri Jul 24 19:39:07 UTC 2026 - entry 1
Fri Jul 24 19:39:09 UTC 2026 - entry 2
Sat Jul 25 03:22:11 UTC 2026 - entry 1
Sat Jul 25 03:22:13 UTC 2026 - entry 2
Sat Jul 25 03:22:15 UTC 2026 - entry 3
Sat Jul 25 08:16:35 UTC 2026 - entry 1
Sat Jul 25 08:16:37 UTC 2026 - entry 2
Sat Jul 25 13:49:16 UTC 2026 - entry 1
Sat Jul 25 13:49:18 UTC 2026 - entry 2
Sat Jul 25 19:17:49 UTC 2026 - entry 1
Sat Jul 25 19:17:51 UTC 2026 - entry 2
Sun Jul 26 03:36:06 UTC 2026 - entry 1
Sun Jul 26 03:36:08 UTC 2026 - entry 2
Sun Jul 26 08:35:06 UTC 2026 - entry 1
Sun Jul 26 08:35:08 UTC 2026 - entry 2
Sun Jul 26 08:35:10 UTC 2026 - entry 3
Sun Jul 26 13:42:37 UTC 2026 - entry 1
Sun Jul 26 13:42:39 UTC 2026 - entry 2
Sun Jul 26 19:20:37 UTC 2026 - entry 1
Sun Jul 26 19:20:39 UTC 2026 - entry 2
Sun Jul 26 19:20:41 UTC 2026 - entry 3
Mon Jul 27 03:44:38 UTC 2026 - entry 1
Mon Jul 27 03:44:40 UTC 2026 - entry 2
Mon Jul 27 10:02:50 UTC 2026 - entry 1
Mon Jul 27 10:02:52 UTC 2026 - entry 2
Mon Jul 27 10:02:54 UTC 2026 - entry 3
Mon Jul 27 14:50:26 UTC 2026 - entry 1
Mon Jul 27 14:50:28 UTC 2026 - entry 2
Mon Jul 27 14:50:30 UTC 2026 - entry 3
Mon Jul 27 19:44:07 UTC 2026 - entry 1
Mon Jul 27 19:44:09 UTC 2026 - entry 2
Tue Jul 28 03:16:03 UTC 2026 - entry 1
Tue Jul 28 03:16:05 UTC 2026 - entry 2
Tue Jul 28 03:16:07 UTC 2026 - entry 3
Tue Jul 28 08:45:14 UTC 2026 - entry 1
Tue Jul 28 08:45:16 UTC 2026 - entry 2
Tue Jul 28 08:45:18 UTC 2026 - entry 3
Tue Jul 28 14:25:09 UTC 2026 - entry 1
Tue Jul 28 14:25:11 UTC 2026 - entry 2
Tue Jul 28 19:41:43 UTC 2026 - entry 1
Tue Jul 28 19:41:45 UTC 2026 - entry 2
Wed Jul 29 03:19:01 UTC 2026 - entry 1
Wed Jul 29 03:19:03 UTC 2026 - entry 2
Wed Jul 29 08:50:02 UTC 2026 - entry 1
Wed Jul 29 08:50:04 UTC 2026 - entry 2
Wed Jul 29 08:50:06 UTC 2026 - entry 3
Wed Jul 29 14:23:47 UTC 2026 - entry 1
Wed Jul 29 14:23:49 UTC 2026 - entry 2
Wed Jul 29 14:23:51 UTC 2026 - entry 3
Wed Jul 29 19:26:59 UTC 2026 - entry 1
Wed Jul 29 19:27:01 UTC 2026 - entry 2
Wed Jul 29 19:27:03 UTC 2026 - entry 3
Thu Jul 30 02:51:35 UTC 2026 - entry 1
Thu Jul 30 02:51:37 UTC 2026 - entry 2
Thu Jul 30 08:38:40 UTC 2026 - entry 1
Thu Jul 30 08:38:42 UTC 2026 - entry 2
Thu Jul 30 14:20:26 UTC 2026 - entry 1
Thu Jul 30 14:20:28 UTC 2026 - entry 2
Thu Jul 30 19:42:22 UTC 2026 - entry 1
Thu Jul 30 19:42:24 UTC 2026 - entry 2
Thu Jul 30 19:42:26 UTC 2026 - entry 3
Fri Jul 31 03:34:21 UTC 2026 - entry 1
Fri Jul 31 03:34:23 UTC 2026 - entry 2
Fri Jul 31 03:34:25 UTC 2026 - entry 3
Fri Jul 31 09:10:52 UTC 2026 - entry 1
Fri Jul 31 09:10:54 UTC 2026 - entry 2
Fri Jul 31 09:10:56 UTC 2026 - entry 3
Fri Jul 31 14:23:28 UTC 2026 - entry 1
Fri Jul 31 14:23:30 UTC 2026 - entry 2
Fri Jul 31 14:23:32 UTC 2026 - entry 3
Fri Jul 31 19:43:37 UTC 2026 - entry 1
Fri Jul 31 19:43:39 UTC 2026 - entry 2
Fri Jul 31 19:43:41 UTC 2026 - entry 3
Sat Aug  1 03:34:00 UTC 2026 - entry 1
Sat Aug  1 03:34:02 UTC 2026 - entry 2
Sat Aug  1 03:34:04 UTC 2026 - entry 3
Sat Aug  1 08:29:19 UTC 2026 - entry 1
Sat Aug  1 08:29:22 UTC 2026 - entry 2
Sat Aug  1 13:42:01 UTC 2026 - entry 1
Sat Aug  1 13:42:03 UTC 2026 - entry 2
Sat Aug  1 19:18:37 UTC 2026 - entry 1
Sat Aug  1 19:18:39 UTC 2026 - entry 2
Sat Aug  1 19:18:41 UTC 2026 - entry 3
Sun Aug  2 03:33:38 UTC 2026 - entry 1
Sun Aug  2 03:33:40 UTC 2026 - entry 2
Sun Aug  2 03:33:42 UTC 2026 - entry 3
Sun Aug  2 08:32:08 UTC 2026 - entry 1
Sun Aug  2 08:32:10 UTC 2026 - entry 2
Sun Aug  2 08:32:12 UTC 2026 - entry 3
Sun Aug  2 13:41:54 UTC 2026 - entry 1
Sun Aug  2 13:41:56 UTC 2026 - entry 2
Sun Aug  2 13:41:58 UTC 2026 - entry 3
Sun Aug  2 19:19:28 UTC 2026 - entry 1
Sun Aug  2 19:19:30 UTC 2026 - entry 2
Mon Aug  3 03:35:55 UTC 2026 - entry 1
Mon Aug  3 03:35:57 UTC 2026 - entry 2
Mon Aug  3 09:58:10 UTC 2026 - entry 1
Mon Aug  3 09:58:12 UTC 2026 - entry 2
Mon Aug  3 14:54:17 UTC 2026 - entry 1
Mon Aug  3 14:54:19 UTC 2026 - entry 2
Mon Aug  3 14:54:21 UTC 2026 - entry 3
Mon Aug  3 19:46:27 UTC 2026 - entry 1
Mon Aug  3 19:46:30 UTC 2026 - entry 2
Mon Aug  3 19:46:32 UTC 2026 - entry 3
Tue Aug  4 03:19:05 UTC 2026 - entry 1
Tue Aug  4 03:19:07 UTC 2026 - entry 2
Tue Aug  4 08:48:37 UTC 2026 - entry 1
Tue Aug  4 08:48:39 UTC 2026 - entry 2
Tue Aug  4 14:30:24 UTC 2026 - entry 1
Tue Aug  4 14:30:26 UTC 2026 - entry 2
Tue Aug  4 19:45:46 UTC 2026 - entry 1
Tue Aug  4 19:45:48 UTC 2026 - entry 2
Tue Aug  4 19:45:50 UTC 2026 - entry 3
Wed Aug  5 03:14:32 UTC 2026 - entry 1
Wed Aug  5 03:14:34 UTC 2026 - entry 2
Wed Aug  5 08:45:43 UTC 2026 - entry 1
Wed Aug  5 08:45:45 UTC 2026 - entry 2
Wed Aug  5 14:23:35 UTC 2026 - entry 1
Wed Aug  5 14:23:37 UTC 2026 - entry 2
Wed Aug  5 19:44:30 UTC 2026 - entry 1
Wed Aug  5 19:44:32 UTC 2026 - entry 2
Wed Aug  5 19:44:34 UTC 2026 - entry 3
Thu Aug  6 03:17:33 UTC 2026 - entry 1
Thu Aug  6 03:17:35 UTC 2026 - entry 2
Thu Aug  6 08:47:08 UTC 2026 - entry 1
Thu Aug  6 08:47:10 UTC 2026 - entry 2
Thu Aug  6 14:26:42 UTC 2026 - entry 1
Thu Aug  6 14:26:44 UTC 2026 - entry 2
Fri Aug  7 00:07:59 UTC 2026 - entry 1
Fri Aug  7 00:08:01 UTC 2026 - entry 2
Fri Aug  7 00:08:03 UTC 2026 - entry 3
Fri Aug  7 07:25:53 UTC 2026 - entry 1
Fri Aug  7 07:25:55 UTC 2026 - entry 2
Fri Aug  7 07:25:57 UTC 2026 - entry 3
Fri Aug  7 13:17:27 UTC 2026 - entry 1
Fri Aug  7 13:17:29 UTC 2026 - entry 2
Fri Aug  7 13:17:31 UTC 2026 - entry 3
Fri Aug  7 19:05:21 UTC 2026 - entry 1
Fri Aug  7 19:05:23 UTC 2026 - entry 2
Sat Aug  8 02:02:45 UTC 2026 - entry 1
Sat Aug  8 02:02:47 UTC 2026 - entry 2
Sat Aug  8 02:02:50 UTC 2026 - entry 3
Sat Aug  8 07:03:06 UTC 2026 - entry 1
Sat Aug  8 07:03:08 UTC 2026 - entry 2
Sat Aug  8 13:01:10 UTC 2026 - entry 1
Sat Aug  8 13:01:12 UTC 2026 - entry 2
Sat Aug  8 18:47:47 UTC 2026 - entry 1
Sat Aug  8 18:47:49 UTC 2026 - entry 2
Sat Aug  8 18:47:51 UTC 2026 - entry 3
Sun Aug  9 02:10:20 UTC 2026 - entry 1
Sun Aug  9 02:10:22 UTC 2026 - entry 2
Sun Aug  9 07:05:11 UTC 2026 - entry 1
Sun Aug  9 07:05:13 UTC 2026 - entry 2
Sun Aug  9 13:03:58 UTC 2026 - entry 1
Sun Aug  9 13:04:00 UTC 2026 - entry 2
Sun Aug  9 13:04:02 UTC 2026 - entry 3
Sun Aug  9 18:50:52 UTC 2026 - entry 1
Sun Aug  9 18:50:54 UTC 2026 - entry 2
Sun Aug  9 18:50:56 UTC 2026 - entry 3
Mon Aug 10 02:19:09 UTC 2026 - entry 1
Mon Aug 10 02:19:11 UTC 2026 - entry 2
Mon Aug 10 02:19:13 UTC 2026 - entry 3
Mon Aug 10 07:52:57 UTC 2026 - entry 1
Mon Aug 10 07:52:59 UTC 2026 - entry 2
Mon Aug 10 07:53:01 UTC 2026 - entry 3
Mon Aug 10 13:22:38 UTC 2026 - entry 1
Mon Aug 10 13:22:40 UTC 2026 - entry 2
Mon Aug 10 13:22:42 UTC 2026 - entry 3
Mon Aug 10 19:04:59 UTC 2026 - entry 1
Mon Aug 10 19:05:01 UTC 2026 - entry 2
Mon Aug 10 19:05:03 UTC 2026 - entry 3
Tue Aug 11 02:09:31 UTC 2026 - entry 1
Tue Aug 11 02:09:33 UTC 2026 - entry 2
Tue Aug 11 02:09:35 UTC 2026 - entry 3
Tue Aug 11 07:17:32 UTC 2026 - entry 1
Tue Aug 11 07:17:34 UTC 2026 - entry 2
Tue Aug 11 13:19:31 UTC 2026 - entry 1
Tue Aug 11 13:19:33 UTC 2026 - entry 2
Tue Aug 11 13:19:35 UTC 2026 - entry 3
Tue Aug 11 19:10:39 UTC 2026 - entry 1
Tue Aug 11 19:10:41 UTC 2026 - entry 2
Wed Aug 12 02:27:21 UTC 2026 - entry 1
Wed Aug 12 02:27:23 UTC 2026 - entry 2
Wed Aug 12 02:27:25 UTC 2026 - entry 3
Wed Aug 12 07:41:14 UTC 2026 - entry 1
Wed Aug 12 07:41:16 UTC 2026 - entry 2
Wed Aug 12 13:23:36 UTC 2026 - entry 1
Wed Aug 12 13:23:38 UTC 2026 - entry 2
Wed Aug 12 13:23:40 UTC 2026 - entry 3
Wed Aug 12 19:09:40 UTC 2026 - entry 1
Wed Aug 12 19:09:42 UTC 2026 - entry 2
Wed Aug 12 19:09:44 UTC 2026 - entry 3
Thu Aug 13 02:28:44 UTC 2026 - entry 1
Thu Aug 13 02:28:46 UTC 2026 - entry 2
Thu Aug 13 02:28:48 UTC 2026 - entry 3
Thu Aug 13 07:43:17 UTC 2026 - entry 1
Thu Aug 13 07:43:19 UTC 2026 - entry 2
Thu Aug 13 13:25:24 UTC 2026 - entry 1
Thu Aug 13 13:25:26 UTC 2026 - entry 2
Thu Aug 13 19:10:26 UTC 2026 - entry 1
Thu Aug 13 19:10:28 UTC 2026 - entry 2
Thu Aug 13 19:10:30 UTC 2026 - entry 3
Fri Aug 14 02:27:01 UTC 2026 - entry 1
Fri Aug 14 02:27:03 UTC 2026 - entry 2
Fri Aug 14 07:40:48 UTC 2026 - entry 1
Fri Aug 14 07:40:50 UTC 2026 - entry 2
Fri Aug 14 07:40:52 UTC 2026 - entry 3
Fri Aug 14 13:19:53 UTC 2026 - entry 1
Fri Aug 14 13:19:55 UTC 2026 - entry 2
Fri Aug 14 13:19:57 UTC 2026 - entry 3
Fri Aug 14 19:02:21 UTC 2026 - entry 1
Fri Aug 14 19:02:23 UTC 2026 - entry 2
Sat Aug 15 01:38:10 UTC 2026 - entry 1
Sat Aug 15 01:38:12 UTC 2026 - entry 2
Sat Aug 15 01:38:14 UTC 2026 - entry 3
Sat Aug 15 06:48:35 UTC 2026 - entry 1
Sat Aug 15 06:48:37 UTC 2026 - entry 2
Sat Aug 15 06:48:39 UTC 2026 - entry 3
Sat Aug 15 12:49:33 UTC 2026 - entry 1
Sat Aug 15 12:49:35 UTC 2026 - entry 2
Sat Aug 15 18:38:08 UTC 2026 - entry 1
Sat Aug 15 18:38:10 UTC 2026 - entry 2
Sat Aug 15 18:38:12 UTC 2026 - entry 3
Sun Aug 16 01:44:49 UTC 2026 - entry 1
Sun Aug 16 01:44:51 UTC 2026 - entry 2
Sun Aug 16 06:49:50 UTC 2026 - entry 1
Sun Aug 16 06:49:52 UTC 2026 - entry 2
Sun Aug 16 12:50:56 UTC 2026 - entry 1
Sun Aug 16 12:50:58 UTC 2026 - entry 2
Sun Aug 16 12:51:00 UTC 2026 - entry 3
Sun Aug 16 18:36:44 UTC 2026 - entry 1
Sun Aug 16 18:36:46 UTC 2026 - entry 2
Mon Aug 17 01:43:00 UTC 2026 - entry 1
Mon Aug 17 01:43:02 UTC 2026 - entry 2
Mon Aug 17 07:06:36 UTC 2026 - entry 1
Mon Aug 17 07:06:38 UTC 2026 - entry 2
Mon Aug 17 07:06:40 UTC 2026 - entry 3
Mon Aug 17 12:55:31 UTC 2026 - entry 1
Mon Aug 17 12:55:33 UTC 2026 - entry 2
Mon Aug 17 18:48:40 UTC 2026 - entry 1
Mon Aug 17 18:48:42 UTC 2026 - entry 2
Tue Aug 18 01:38:16 UTC 2026 - entry 1
Tue Aug 18 01:38:18 UTC 2026 - entry 2
Tue Aug 18 06:53:46 UTC 2026 - entry 1
Tue Aug 18 06:53:48 UTC 2026 - entry 2
Tue Aug 18 12:57:11 UTC 2026 - entry 1
Tue Aug 18 12:57:13 UTC 2026 - entry 2
Tue Aug 18 12:57:15 UTC 2026 - entry 3
Tue Aug 18 18:47:15 UTC 2026 - entry 1
Tue Aug 18 18:47:17 UTC 2026 - entry 2
Wed Aug 19 01:40:11 UTC 2026 - entry 1
Wed Aug 19 01:40:13 UTC 2026 - entry 2
Wed Aug 19 01:40:15 UTC 2026 - entry 3
Wed Aug 19 06:54:28 UTC 2026 - entry 1
Wed Aug 19 06:54:30 UTC 2026 - entry 2
Wed Aug 19 12:58:06 UTC 2026 - entry 1
Wed Aug 19 12:58:08 UTC 2026 - entry 2
Wed Aug 19 12:58:10 UTC 2026 - entry 3
Wed Aug 19 18:42:51 UTC 2026 - entry 1
Wed Aug 19 18:42:53 UTC 2026 - entry 2
Wed Aug 19 18:42:55 UTC 2026 - entry 3
Thu Aug 20 01:38:33 UTC 2026 - entry 1
Thu Aug 20 01:38:35 UTC 2026 - entry 2
Thu Aug 20 06:55:48 UTC 2026 - entry 1
Thu Aug 20 06:55:50 UTC 2026 - entry 2
Thu Aug 20 06:55:52 UTC 2026 - entry 3
Thu Aug 20 13:00:36 UTC 2026 - entry 1
Thu Aug 20 13:00:38 UTC 2026 - entry 2
Thu Aug 20 13:00:40 UTC 2026 - entry 3
Thu Aug 20 18:49:25 UTC 2026 - entry 1
Thu Aug 20 18:49:27 UTC 2026 - entry 2
Fri Aug 21 01:43:58 UTC 2026 - entry 1
Fri Aug 21 01:44:00 UTC 2026 - entry 2
Fri Aug 21 01:44:02 UTC 2026 - entry 3
Fri Aug 21 06:56:39 UTC 2026 - entry 1
Fri Aug 21 06:56:41 UTC 2026 - entry 2
Fri Aug 21 06:56:43 UTC 2026 - entry 3
Fri Aug 21 12:59:31 UTC 2026 - entry 1
Fri Aug 21 12:59:33 UTC 2026 - entry 2
Fri Aug 21 12:59:35 UTC 2026 - entry 3
Fri Aug 21 18:45:43 UTC 2026 - entry 1
Fri Aug 21 18:45:45 UTC 2026 - entry 2
Sat Aug 22 01:37:15 UTC 2026 - entry 1
Sat Aug 22 01:37:17 UTC 2026 - entry 2
Sat Aug 22 06:50:02 UTC 2026 - entry 1
Sat Aug 22 06:50:04 UTC 2026 - entry 2
Sat Aug 22 12:51:07 UTC 2026 - entry 1
Sat Aug 22 12:51:09 UTC 2026 - entry 2
Sat Aug 22 18:38:33 UTC 2026 - entry 1
Sat Aug 22 18:38:35 UTC 2026 - entry 2
Sun Aug 23 01:46:47 UTC 2026 - entry 1
Sun Aug 23 01:46:49 UTC 2026 - entry 2
Sun Aug 23 01:46:51 UTC 2026 - entry 3
Sun Aug 23 06:51:10 UTC 2026 - entry 1
Sun Aug 23 06:51:12 UTC 2026 - entry 2
Sun Aug 23 12:51:55 UTC 2026 - entry 1
Sun Aug 23 12:51:57 UTC 2026 - entry 2
Sun Aug 23 18:37:54 UTC 2026 - entry 1
Sun Aug 23 18:37:56 UTC 2026 - entry 2
Sun Aug 23 18:37:58 UTC 2026 - entry 3
Mon Aug 24 01:44:45 UTC 2026 - entry 1
Mon Aug 24 01:44:47 UTC 2026 - entry 2
Mon Aug 24 01:44:49 UTC 2026 - entry 3
Mon Aug 24 07:09:46 UTC 2026 - entry 1
Mon Aug 24 07:09:48 UTC 2026 - entry 2
Mon Aug 24 07:09:50 UTC 2026 - entry 3
Mon Aug 24 13:01:44 UTC 2026 - entry 1
Mon Aug 24 13:01:46 UTC 2026 - entry 2
Mon Aug 24 18:49:28 UTC 2026 - entry 1
Mon Aug 24 18:49:30 UTC 2026 - entry 2
Tue Aug 25 01:39:30 UTC 2026 - entry 1
Tue Aug 25 01:39:32 UTC 2026 - entry 2
Tue Aug 25 01:39:34 UTC 2026 - entry 3
Tue Aug 25 06:57:28 UTC 2026 - entry 1
Tue Aug 25 06:57:30 UTC 2026 - entry 2
Tue Aug 25 12:58:11 UTC 2026 - entry 1
Tue Aug 25 12:58:13 UTC 2026 - entry 2
Tue Aug 25 12:58:15 UTC 2026 - entry 3
Tue Aug 25 18:47:55 UTC 2026 - entry 1
Tue Aug 25 18:47:57 UTC 2026 - entry 2
Tue Aug 25 18:47:59 UTC 2026 - entry 3
Wed Aug 26 01:44:34 UTC 2026 - entry 1
Wed Aug 26 01:44:36 UTC 2026 - entry 2
Wed Aug 26 06:58:47 UTC 2026 - entry 1
Wed Aug 26 06:58:49 UTC 2026 - entry 2
Wed Aug 26 06:58:51 UTC 2026 - entry 3
Wed Aug 26 13:03:54 UTC 2026 - entry 1
Wed Aug 26 13:03:56 UTC 2026 - entry 2
Wed Aug 26 13:03:58 UTC 2026 - entry 3
Wed Aug 26 19:55:13 UTC 2026 - entry 1
Wed Aug 26 19:55:15 UTC 2026 - entry 2
Wed Aug 26 19:55:17 UTC 2026 - entry 3
Thu Aug 27 08:45:30 UTC 2026 - entry 1
Thu Aug 27 08:45:32 UTC 2026 - entry 2
Thu Aug 27 22:07:21 UTC 2026 - entry 1
Thu Aug 27 22:07:23 UTC 2026 - entry 2
Fri Aug 28 10:58:30 UTC 2026 - entry 1
Fri Aug 28 10:58:32 UTC 2026 - entry 2
Fri Aug 28 22:06:09 UTC 2026 - entry 1
Fri Aug 28 22:06:11 UTC 2026 - entry 2
Sat Aug 29 06:43:54 UTC 2026 - entry 1
Sat Aug 29 06:43:56 UTC 2026 - entry 2
Sat Aug 29 16:34:43 UTC 2026 - entry 1
Sat Aug 29 16:34:45 UTC 2026 - entry 2
Sat Aug 29 20:47:41 UTC 2026 - entry 1
Sat Aug 29 20:47:43 UTC 2026 - entry 2
Sat Aug 29 20:47:45 UTC 2026 - entry 3
Sun Aug 30 04:56:48 UTC 2026 - entry 1
Sun Aug 30 04:56:50 UTC 2026 - entry 2
Sun Aug 30 04:56:52 UTC 2026 - entry 3
Sun Aug 30 11:42:33 UTC 2026 - entry 1
Sun Aug 30 11:42:35 UTC 2026 - entry 2
Sun Aug 30 16:29:55 UTC 2026 - entry 1
Sun Aug 30 16:29:57 UTC 2026 - entry 2
Sun Aug 30 20:52:22 UTC 2026 - entry 1
Sun Aug 30 20:52:24 UTC 2026 - entry 2
Mon Aug 31 05:01:48 UTC 2026 - entry 1
Mon Aug 31 05:01:50 UTC 2026 - entry 2
Mon Aug 31 05:01:52 UTC 2026 - entry 3
Mon Aug 31 13:20:22 UTC 2026 - entry 1
Mon Aug 31 13:20:24 UTC 2026 - entry 2
Mon Aug 31 22:42:26 UTC 2026 - entry 1
Mon Aug 31 22:42:28 UTC 2026 - entry 2
Mon Aug 31 22:42:30 UTC 2026 - entry 3
Tue Sep  1 04:40:05 UTC 2026 - entry 1
Tue Sep  1 04:40:07 UTC 2026 - entry 2
Tue Sep  1 11:28:30 UTC 2026 - entry 1
Tue Sep  1 11:28:32 UTC 2026 - entry 2
Tue Sep  1 11:28:34 UTC 2026 - entry 3
Tue Sep  1 16:25:31 UTC 2026 - entry 1
Tue Sep  1 16:25:33 UTC 2026 - entry 2
Tue Sep  1 16:25:35 UTC 2026 - entry 3
Tue Sep  1 20:53:56 UTC 2026 - entry 1
Tue Sep  1 20:53:58 UTC 2026 - entry 2
Tue Sep  1 20:54:00 UTC 2026 - entry 3
Wed Sep  2 04:02:00 UTC 2026 - entry 1
Wed Sep  2 04:02:02 UTC 2026 - entry 2
Wed Sep  2 11:02:29 UTC 2026 - entry 1
Wed Sep  2 11:02:31 UTC 2026 - entry 2
Wed Sep  2 11:02:33 UTC 2026 - entry 3
Wed Sep  2 16:23:32 UTC 2026 - entry 1
Wed Sep  2 16:23:34 UTC 2026 - entry 2
Wed Sep  2 16:23:36 UTC 2026 - entry 3
Wed Sep  2 20:53:26 UTC 2026 - entry 1
Wed Sep  2 20:53:28 UTC 2026 - entry 2
Thu Sep  3 04:00:45 UTC 2026 - entry 1
Thu Sep  3 04:00:47 UTC 2026 - entry 2
Thu Sep  3 04:00:49 UTC 2026 - entry 3
Thu Sep  3 11:00:15 UTC 2026 - entry 1
Thu Sep  3 11:00:17 UTC 2026 - entry 2
Thu Sep  3 16:13:56 UTC 2026 - entry 1
Thu Sep  3 16:13:58 UTC 2026 - entry 2
Thu Sep  3 16:14:01 UTC 2026 - entry 3
Thu Sep  3 20:51:33 UTC 2026 - entry 1
Thu Sep  3 20:51:35 UTC 2026 - entry 2
Thu Sep  3 20:51:37 UTC 2026 - entry 3
Fri Sep  4 04:03:26 UTC 2026 - entry 1
Fri Sep  4 04:03:28 UTC 2026 - entry 2
Fri Sep  4 11:01:11 UTC 2026 - entry 1
Fri Sep  4 11:01:13 UTC 2026 - entry 2
Fri Sep  4 11:01:15 UTC 2026 - entry 3
Fri Sep  4 16:09:17 UTC 2026 - entry 1
Fri Sep  4 16:09:19 UTC 2026 - entry 2
Fri Sep  4 16:09:21 UTC 2026 - entry 3
Fri Sep  4 20:38:10 UTC 2026 - entry 1
Fri Sep  4 20:38:12 UTC 2026 - entry 2
Fri Sep  4 20:38:14 UTC 2026 - entry 3
Sat Sep  5 03:59:53 UTC 2026 - entry 1
Sat Sep  5 03:59:55 UTC 2026 - entry 2
Sat Sep  5 03:59:57 UTC 2026 - entry 3
Sat Sep  5 10:23:43 UTC 2026 - entry 1
Sat Sep  5 10:23:45 UTC 2026 - entry 2
Sat Sep  5 14:57:44 UTC 2026 - entry 1
Sat Sep  5 14:57:46 UTC 2026 - entry 2
Sat Sep  5 20:12:03 UTC 2026 - entry 1
Sat Sep  5 20:12:05 UTC 2026 - entry 2
Sun Sep  6 04:07:05 UTC 2026 - entry 1
Sun Sep  6 04:07:07 UTC 2026 - entry 2
Sun Sep  6 10:41:57 UTC 2026 - entry 1
Sun Sep  6 10:41:59 UTC 2026 - entry 2
Sun Sep  6 10:42:01 UTC 2026 - entry 3
Sun Sep  6 15:18:28 UTC 2026 - entry 1
Sun Sep  6 15:18:30 UTC 2026 - entry 2
Sun Sep  6 20:16:09 UTC 2026 - entry 1
Sun Sep  6 20:16:11 UTC 2026 - entry 2
Mon Sep  7 04:05:54 UTC 2026 - entry 1
Mon Sep  7 04:05:56 UTC 2026 - entry 2
Mon Sep  7 12:10:20 UTC 2026 - entry 1
Mon Sep  7 12:10:22 UTC 2026 - entry 2
Mon Sep  7 12:10:24 UTC 2026 - entry 3
Mon Sep  7 21:23:24 UTC 2026 - entry 1
Mon Sep  7 21:23:26 UTC 2026 - entry 2
Mon Sep  7 21:23:28 UTC 2026 - entry 3
Tue Sep  8 04:07:43 UTC 2026 - entry 1
Tue Sep  8 04:07:45 UTC 2026 - entry 2
Tue Sep  8 11:01:09 UTC 2026 - entry 1
Tue Sep  8 11:01:11 UTC 2026 - entry 2
Tue Sep  8 11:01:13 UTC 2026 - entry 3
Tue Sep  8 16:26:25 UTC 2026 - entry 1
Tue Sep  8 16:26:27 UTC 2026 - entry 2
Tue Sep  8 20:59:36 UTC 2026 - entry 1
Tue Sep  8 20:59:38 UTC 2026 - entry 2
Wed Sep  9 04:14:44 UTC 2026 - entry 1
Wed Sep  9 04:14:46 UTC 2026 - entry 2
Wed Sep  9 11:06:02 UTC 2026 - entry 1
Wed Sep  9 11:06:04 UTC 2026 - entry 2
Wed Sep  9 11:06:06 UTC 2026 - entry 3
Wed Sep  9 16:22:56 UTC 2026 - entry 1
Wed Sep  9 16:22:58 UTC 2026 - entry 2
Wed Sep  9 20:48:00 UTC 2026 - entry 1
Wed Sep  9 20:48:02 UTC 2026 - entry 2
Wed Sep  9 20:48:04 UTC 2026 - entry 3
Thu Sep 10 04:11:48 UTC 2026 - entry 1
Thu Sep 10 04:11:50 UTC 2026 - entry 2
Thu Sep 10 04:11:52 UTC 2026 - entry 3
Thu Sep 10 11:02:04 UTC 2026 - entry 1
Thu Sep 10 11:02:06 UTC 2026 - entry 2
Thu Sep 10 16:12:58 UTC 2026 - entry 1
Thu Sep 10 16:13:00 UTC 2026 - entry 2
Thu Sep 10 16:13:02 UTC 2026 - entry 3
Thu Sep 10 20:42:55 UTC 2026 - entry 1
Thu Sep 10 20:42:57 UTC 2026 - entry 2
Thu Sep 10 20:42:59 UTC 2026 - entry 3
Fri Sep 11 04:10:48 UTC 2026 - entry 1
Fri Sep 11 04:10:50 UTC 2026 - entry 2
Fri Sep 11 04:10:52 UTC 2026 - entry 3
Fri Sep 11 11:00:37 UTC 2026 - entry 1
Fri Sep 11 11:00:39 UTC 2026 - entry 2
Fri Sep 11 16:16:25 UTC 2026 - entry 1
Fri Sep 11 16:16:27 UTC 2026 - entry 2
Fri Sep 11 16:16:29 UTC 2026 - entry 3
Fri Sep 11 20:48:48 UTC 2026 - entry 1
Fri Sep 11 20:48:50 UTC 2026 - entry 2
Sat Sep 12 04:10:26 UTC 2026 - entry 1
Sat Sep 12 04:10:28 UTC 2026 - entry 2
Sat Sep 12 10:29:14 UTC 2026 - entry 1
Sat Sep 12 10:29:16 UTC 2026 - entry 2
Sat Sep 12 15:22:54 UTC 2026 - entry 1
Sat Sep 12 15:22:56 UTC 2026 - entry 2
Sat Sep 12 20:25:19 UTC 2026 - entry 1
Sat Sep 12 20:25:21 UTC 2026 - entry 2
Sat Sep 12 20:25:23 UTC 2026 - entry 3
Sun Sep 13 04:22:13 UTC 2026 - entry 1
Sun Sep 13 04:22:15 UTC 2026 - entry 2
Sun Sep 13 04:22:17 UTC 2026 - entry 3
Sun Sep 13 11:32:26 UTC 2026 - entry 1
Sun Sep 13 11:32:28 UTC 2026 - entry 2
Sun Sep 13 16:00:43 UTC 2026 - entry 1
Sun Sep 13 16:00:45 UTC 2026 - entry 2
Sun Sep 13 16:00:47 UTC 2026 - entry 3
Sun Sep 13 20:36:18 UTC 2026 - entry 1
Sun Sep 13 20:36:20 UTC 2026 - entry 2
Sun Sep 13 20:36:22 UTC 2026 - entry 3
Mon Sep 14 04:28:56 UTC 2026 - entry 1
Mon Sep 14 04:28:58 UTC 2026 - entry 2
Mon Sep 14 04:29:00 UTC 2026 - entry 3
Mon Sep 14 12:26:23 UTC 2026 - entry 1
Mon Sep 14 12:26:25 UTC 2026 - entry 2
Mon Sep 14 21:42:23 UTC 2026 - entry 1
Mon Sep 14 21:42:25 UTC 2026 - entry 2
Tue Sep 15 04:29:09 UTC 2026 - entry 1
Tue Sep 15 04:29:11 UTC 2026 - entry 2
Tue Sep 15 11:30:46 UTC 2026 - entry 1
Tue Sep 15 11:30:48 UTC 2026 - entry 2
Tue Sep 15 11:30:50 UTC 2026 - entry 3
Tue Sep 15 16:44:01 UTC 2026 - entry 1
Tue Sep 15 16:44:03 UTC 2026 - entry 2
Tue Sep 15 21:07:53 UTC 2026 - entry 1
Tue Sep 15 21:07:55 UTC 2026 - entry 2
Wed Sep 16 04:24:52 UTC 2026 - entry 1
Wed Sep 16 04:24:54 UTC 2026 - entry 2
Wed Sep 16 04:24:56 UTC 2026 - entry 3
Wed Sep 16 11:16:39 UTC 2026 - entry 1
Wed Sep 16 11:16:41 UTC 2026 - entry 2
Wed Sep 16 16:37:02 UTC 2026 - entry 1
Wed Sep 16 16:37:04 UTC 2026 - entry 2
Wed Sep 16 16:37:06 UTC 2026 - entry 3
Wed Sep 16 21:09:14 UTC 2026 - entry 1
Wed Sep 16 21:09:16 UTC 2026 - entry 2
Wed Sep 16 21:09:18 UTC 2026 - entry 3
Thu Sep 17 04:30:45 UTC 2026 - entry 1
Thu Sep 17 04:30:47 UTC 2026 - entry 2
Thu Sep 17 11:25:03 UTC 2026 - entry 1
Thu Sep 17 11:25:05 UTC 2026 - entry 2
Thu Sep 17 16:43:40 UTC 2026 - entry 1
Thu Sep 17 16:43:42 UTC 2026 - entry 2
Thu Sep 17 16:43:44 UTC 2026 - entry 3
Thu Sep 17 21:11:37 UTC 2026 - entry 1
Thu Sep 17 21:11:39 UTC 2026 - entry 2
Fri Sep 18 04:15:32 UTC 2026 - entry 1
Fri Sep 18 04:15:34 UTC 2026 - entry 2
Fri Sep 18 10:58:36 UTC 2026 - entry 1
Fri Sep 18 10:58:38 UTC 2026 - entry 2
Fri Sep 18 16:13:01 UTC 2026 - entry 1
Fri Sep 18 16:13:03 UTC 2026 - entry 2
Fri Sep 18 16:13:05 UTC 2026 - entry 3
Fri Sep 18 20:44:19 UTC 2026 - entry 1
Fri Sep 18 20:44:21 UTC 2026 - entry 2
Sat Sep 19 04:12:01 UTC 2026 - entry 1
Sat Sep 19 04:12:03 UTC 2026 - entry 2
Sat Sep 19 10:42:12 UTC 2026 - entry 1
Sat Sep 19 10:42:14 UTC 2026 - entry 2
Sat Sep 19 15:44:10 UTC 2026 - entry 1
Sat Sep 19 15:44:12 UTC 2026 - entry 2
Sat Sep 19 15:44:14 UTC 2026 - entry 3
Sat Sep 19 20:24:41 UTC 2026 - entry 1
Sat Sep 19 20:24:43 UTC 2026 - entry 2
Sun Sep 20 04:31:12 UTC 2026 - entry 1
Sun Sep 20 04:31:14 UTC 2026 - entry 2
Sun Sep 20 04:31:16 UTC 2026 - entry 3
Sun Sep 20 11:04:51 UTC 2026 - entry 1
Sun Sep 20 11:04:53 UTC 2026 - entry 2
Sun Sep 20 15:51:45 UTC 2026 - entry 1
Sun Sep 20 15:51:47 UTC 2026 - entry 2
Sun Sep 20 20:37:50 UTC 2026 - entry 1
Sun Sep 20 20:37:52 UTC 2026 - entry 2
Mon Sep 21 04:29:10 UTC 2026 - entry 1
Mon Sep 21 04:29:12 UTC 2026 - entry 2
Mon Sep 21 04:29:14 UTC 2026 - entry 3
Mon Sep 21 12:32:47 UTC 2026 - entry 1
Mon Sep 21 12:32:49 UTC 2026 - entry 2
Mon Sep 21 12:32:51 UTC 2026 - entry 3
